azuremfa.dev.openconext.local azuremfa_be
gateway.dev.openconext.local gateway_be
middleware.dev.openconext.local middleware_be
ra.dev.openconext.local ra_be
selfservice.dev.openconext.local selfservice_be
tiqr.dev.openconext.local tiqr_be
webauthn.dev.openconext.local webauthn_be
ssp.dev.openconext.local ssp_be
demogssp.dev.openconext.local demogssp_be
stepupapi.dev.openconext.local stepupapi_be
engine.dev.openconext.local engine_be
engine-api.dev.openconext.local engine_be
profile.dev.openconext.local profile_be
mujina-idp.dev.openconext.local mujina-idp_be
mujina-sp.dev.openconext.local mujina-sp_be
manage.dev.openconext.local manage_be
connect.dev.openconext.local connect_be
teams.dev.openconext.local teams_be
voot.dev.openconext.local voot_be
pdp.dev.openconext.local pdp_be
aa.dev.openconext.local aa_be
oidc-playground.dev.openconext.local oidcplayground_be 
userlifecycle.dev.openconext.local userlifecycle_be 
spdashboard.dev.openconext.local spdashboard_be
invite.dev.openconext.local invite_be
welcome.dev.openconext.local welcome_be
sbs.dev.openconext.local sbs_be

